     1                                  BITS 64
     2                                  
     3                                  %define align(n,r) (((n+(r-1))/r)*r)
     4                                  
     5                                  ; DOS Header
     6 00000000 4D5A                        dw 'MZ'                 ; e_magic
     7 00000002 0000                        dw 0                    ; [UNUSED] e_cblp
     8 00000004 0000                        dw 0                    ; [UNUSED] c_cp
     9 00000006 0000                        dw 0                    ; [UNUSED] e_crlc
    10 00000008 0000                        dw 0                    ; [UNUSED] e_cparhdr
    11 0000000A 0000                        dw 0                    ; [UNUSED] e_minalloc
    12 0000000C 0000                        dw 0                    ; [UNUSED] e_maxalloc
    13 0000000E 0000                        dw 0                    ; [UNUSED] e_ss
    14 00000010 0000                        dw 0                    ; [UNUSED] e_sp
    15 00000012 0000                        dw 0                    ; [UNUSED] e_csum
    16 00000014 0000                        dw 0                    ; [UNUSED] e_ip
    17 00000016 0000                        dw 0                    ; [UNUSED] e_cs
    18 00000018 0000                        dw 0                    ; [UNUSED] e_lfarlc
    19 0000001A 0000                        dw 0                    ; [UNUSED] e_ovno
    20 0000001C 0000<rept>                  times 4 dw 0            ; [UNUSED] e_res
    21 00000024 0000                        dw 0                    ; [UNUSED] e_oemid
    22 00000026 0000                        dw 0                    ; [UNUSED] e_oeminfo
    23 00000028 0000<rept>                  times 10 dw 0           ; [UNUSED] e_res2
    24 0000003C [40000000]                  dd pe_hdr               ; e_lfanew
    25                                  
    26                                  ; PE Header
    27                                  pe_hdr:
    28 00000040 50450000                    dw 'PE', 0              ; Signature
    29                                  
    30                                  ; Image File Header
    31 00000044 6486                        dw 0x8664               ; Machine
    32 00000046 0100                        dw 0x01                 ; NumberOfSections
    33 00000048 00000000                    dd 0                    ; [UNUSED] TimeDateStamp
    34 0000004C 00000000                    dd 0                    ; PointerToSymbolTable
    35 00000050 00000000                    dd 0                    ; NumberOfSymbols
    36 00000054 8000                        dw opt_hdr_size         ; SizeOfOptionalHeader
    37 00000056 2200                        dw 0x22                 ; Characteristics
    38                                  
    39                                  ; Optional Header, COFF Standard Fields
    40                                  opt_hdr:
    41 00000058 0B02                        dw 0x020b               ; Magic (PE32+)
    42 0000005A 0E                          db 0x0e                 ; MajorLinkerVersion
    43 0000005B 16                          db 0x16                 ; MinorLinkerVersion
    44 0000005C C0000000                    dd code_size            ; SizeOfCode
    45 00000060 00000000                    dd 0                    ; SizeOfInitializedData
    46 00000064 00000000                    dd 0                    ; SizeOfUninitializedData
    47 00000068 [50010000]                  dd entry                ; AddressOfEntryPoint
    48 0000006C [00010000]                  dd iatbl                ; BaseOfCode
    49                                  
    50                                  ; Optional Header, NT Additional Fields
    51 00000070 0000004001000000            dq 0x000140000000       ; ImageBase
    52 00000078 10000000                    dd 0x10                 ; SectionAlignment
    53 0000007C 10000000                    dd 0x10                 ; FileAlignment
    54 00000080 0600                        dw 0x06                 ; MajorOperatingSystemVersion
    55 00000082 0000                        dw 0                    ; MinorOperatingSystemVersion
    56 00000084 0000                        dw 0                    ; MajorImageVersion
    57 00000086 0000                        dw 0                    ; MinorImageVersion
    58 00000088 0600                        dw 0x06                 ; MajorSubsystemVersion
    59 0000008A 0000                        dw 0                    ; MinorSubsystemVersion
    60 0000008C 00000000                    dd 0                    ; Reserved1
    61 00000090 C0010000                    dd file_size            ; SizeOfImage
    62 00000094 00010000                    dd hdr_size             ; SizeOfHeaders
    63 00000098 00000000                    dd 0                    ; CheckSum
    64 0000009C 0200                        dw 0x02                 ; Subsystem (Windows GUI)
    65 0000009E 6081                        dw 0x8160               ; DllCharacteristics
    66 000000A0 0000100000000000            dq 0x100000             ; SizeOfStackReserve
    67 000000A8 0010000000000000            dq 0x1000               ; SizeOfStackCommit
    68 000000B0 0000100000000000            dq 0x100000             ; SizeOfHeapReserve
    69 000000B8 0010000000000000            dq 0x1000               ; SizeOfHeapCommit
    70 000000C0 00000000                    dd 0                    ; LoaderFlags
    71 000000C4 02000000                    dd 0x02                 ; NumberOfRvaAndSizes
    72                                  
    73                                  ; Optional Header, Data Directories
    74 000000C8 00000000                    dd 0                    ; Export, RVA
    75 000000CC 00000000                    dd 0                    ; Export, Size
    76 000000D0 [70010000]                  dd itbl                 ; Import, RVA
    77 000000D4 1C000000                    dd itbl_size            ; Import, Size
    78                                  
    79                                  opt_hdr_size equ $-opt_hdr
    80                                  
    81                                  ; Section Table
    82 000000D8 2E                          section_name db '.'     ; Name
    83 000000D9 00<rept>                    times 8-($-section_name) db 0
    84 000000E0 B6000000                    dd sect_size            ; VirtualSize
    85 000000E4 [00010000]                  dd iatbl                ; VirtualAddress
    86 000000E8 C0000000                    dd code_size            ; SizeOfRawData
    87 000000EC [00010000]                  dd iatbl                ; PointerToRawData
    88 000000F0 00000000                    dd 0                    ; PointerToRelocations
    89 000000F4 00000000                    dd 0                    ; PointerToLinenumbers
    90 000000F8 0000                        dw 0                    ; NumberOfRelocations
    91 000000FA 0000                        dw 0                    ; NumberOfLinenumbers
    92 000000FC 20000060                    dd 0x60000020           ; Characteristics
    93                                  
    94                                  hdr_size equ $-$$
    95                                  
    96                                  code:
    97                                  ; Import Address Directory
    98                                  iatbl:
    99 00000100 [9C01000000000000]          dq symbol
   100 00000108 0000000000000000            dq 0
   101                                  
   102                                  iatbl_size equ $-iatbl
   103                                  
   104                                  ; Strings
   105                                  title:
   106 00000110 3DD8AFDC20005400            db 0x3d,0xd8,0xaf,0xdc,0x20,0x00,0x54,0x00
   107 00000118 69006E0079005000            db 0x69,0x00,0x6e,0x00,0x79,0x00,0x50,0x00
   108 00000120 450020006F006E00            db 0x45,0x00,0x20,0x00,0x6f,0x00,0x6e,0x00
   109 00000128 2000570069006E00            db 0x20,0x00,0x57,0x00,0x69,0x00,0x6e,0x00
   110 00000130 64006F0077007300            db 0x64,0x00,0x6f,0x00,0x77,0x00,0x73,0x00
   111 00000138 2000310030000000            db 0x20,0x00,0x31,0x00,0x30,0x00,0,0
   112                                  content:
   113 00000140 4100420043004400            db 0x41,0x00,0x42,0x00,0x43,0x00,0x44,0x00
   114 00000148 4500460047000000            db 0x45,0x00,0x46,0x00,0x47,0x00,0,0
   115                                  
   116                                  ; Entry
   117                                  entry:
   118 00000150 41B940002400                mov r9d, 0x00240040     ; uType
   119 00000156 4C8D05B3FFFFFF              lea r8, [rel title]     ; lpCaption
   120 0000015D 488D15DCFFFFFF              lea rdx, [rel content]  ; lpText
   121 00000164 31C9                        xor ecx, ecx            ; hWnd
   122 00000166 FF2594FFFFFF                jmp [rel iatbl]         ; MessageBoxW
   123                                  
   124 0000016C CC<rept>                    times align($-$$,16)-($-$$) db 0xcc
   125                                  
   126                                  ; Import Directory
   127                                  itbl:
   128 00000170 [8C01000000000000]          dq intbl                ; OriginalFirstThunk
   129 00000178 00000000                    dd 0                    ; TimeDateStamp
   130 0000017C [AA010000]                  dd dll_name             ; ForwarderChain
   131 00000180 [00010000]                  dd iatbl                ; Name
   132 00000184 0000000000000000            dq 0                    ; FirstThunk
   133                                  
   134                                  itbl_size equ $-itbl
   135                                  
   136                                  ; Import Name Table
   137                                  intbl:
   138 0000018C [9C01000000000000]          dq symbol
   139 00000194 0000000000000000            dq 0
   140                                  
   141                                  ; Symbol
   142                                  symbol:
   143 0000019C 9402                        dw 0x0294               ; [UNUSED] Function Order
   144 0000019E 4D657373616765426F-         db 'MessageBoxW', 0     ; Function Name
   144 000001A7 785700             
   145                                  dll_name:
   146 000001AA 5553455233322E646C-         db 'USER32.dll', 0
   146 000001B3 6C00               
   147 000001B5 00                          db 0
   148                                  
   149                                  sect_size equ $-code
   150                                  
   151 000001B6 00<rept>                    times align($-$$,16)-($-$$) db 0
   152                                  
   153                                  code_size equ $-code
   154                                  file_size equ $-$$
